[22/09/2026 14:27:05] [INICIO] Archivo de log creado: H:\Desarrollos\Proyecto_Supabase\ArkToolsWeb\appsync\sync\..\logs\sincronizacion_22092026_142705.log
[22/09/2026 14:27:05] [INFO] Inicio de sincronización. Origen: SClientes. Equipo: NIBIRUS. Usuario: juanep.
[22/09/2026 14:27:05] [INFO] Conexión local establecida con SClientes.
[22/09/2026 14:27:05] [INFO] Lectura completada: 6527 filas leídas de SClientes.
[22/09/2026 14:27:05] [INFO] Mapeo completado: 6527 filas preparadas para ark_clients.
[22/09/2026 14:27:06] [INFO] Conexión remota establecida con Supabase.
[22/09/2026 14:27:08] [INFO] Lote procesado: 500/6527 filas.
[22/09/2026 14:27:09] [INFO] Lote procesado: 1000/6527 filas.
[22/09/2026 14:27:10] [INFO] Lote procesado: 1500/6527 filas.
[22/09/2026 14:27:10] [INFO] Lote procesado: 2000/6527 filas.
[22/09/2026 14:27:11] [INFO] Lote procesado: 2500/6527 filas.
[22/09/2026 14:27:12] [INFO] Lote procesado: 3000/6527 filas.
[22/09/2026 14:27:12] [INFO] Lote procesado: 3500/6527 filas.
[22/09/2026 14:27:13] [INFO] Lote procesado: 4000/6527 filas.
[22/09/2026 14:27:14] [INFO] Lote procesado: 4500/6527 filas.
[22/09/2026 14:27:15] [INFO] Lote procesado: 5000/6527 filas.
[22/09/2026 14:27:15] [INFO] Lote procesado: 5500/6527 filas.
[22/09/2026 14:27:16] [INFO] Lote procesado: 6000/6527 filas.
[22/09/2026 14:27:17] [INFO] Lote procesado: 6500/6527 filas.
[22/09/2026 14:27:17] [INFO] Lote procesado: 6527/6527 filas.
[22/09/2026 14:27:18] [INFO] Upsert completado. Nuevos: 6527. Actualizados: 0.
[22/09/2026 14:27:18] [FIN] Sincronización exitosa. Leídas: 6527. Nuevas: 6527. Actualizadas: 0.
